C51 COMPILER V9.59.0.0   MAIN                                                              02/10/2022 11:44:50 PAGE 1   


C51 COMPILER V9.59.0.0, COMPILATION OF MODULE MAIN
OBJECT MODULE PLACED IN .\Objects\main.obj
COMPILER INVOKED BY: C:\Keil_v5\C51\BIN\C51.EXE main.c LARGE OPTIMIZE(0,SPEED) BROWSE INCDIR(..\headfile) DEBUG OBJECTEX
                    -TEND PRINT(.\Listings\main.lst) OBJECT(.\Objects\main.obj)

line level    source

   1          /*********************************************************
   2          *Copyright (C), 2020-2030, 深圳前海维晟智能技术有限公司
   3          *文件名:        pwm.c
   4          *作  者:        
   5          *版  本:        
   6          *日  期:        
   7          *描  述:        
   8          *备  注:     
   9          **********************************************************/
  10          #include "WS51F6240.h"
  11          #include "intrins.h"
  12          #include <stdio.h>
  13          
  14          static void delay(int i)
  15          {
  16   1              long j;
  17   1              for(j=0;j<10*i;++j);
  18   1      }
  19          static void delay_1ms(void)
  20          {
  21   1              int j;
  22   1              for(j=0;j<1700;++j);
  23   1      }
  24          
  25          void UART1_write(signed char dat)
  26          {
  27   1          S1BUF = dat;            //Send data to UART buffer
  28   1          while(TI1 != (S1CON&TI1));
  29   1          //清TI1
  30   1          S1CON &= ~TI1;
  31   1      }
  32          
  33          ///重定向c库函数printf到串口，重定向后可使用printf函数
  34          char putchar(char ch)
  35          {
  36   1          /* 发送一个字节数据到串口 */
  37   1          UART1_write((signed char) ch);
  38   1              
  39   1          return ch;
  40   1      }
  41          
  42          
  43          /*****************************************************
  44          *函数名称：void Uart1Mode1(void)
  45          *函数功能：9600 波特率
  46          *入口参数：
  47          *出口参数：
  48          *****************************************************/
  49          void Uart1Mode1(void)
  50          {
  51   1          /*************** UART1 模式1（波特率：9600）****************/
  52   1              S1CON = 0x80;   ///8位异步模式(1), +0x10/中断使能, +0x20/多机通信使能位, +0x40/串行接收使能位
  53   1              S1RELL = 972;
  54   1              S1RELH = 972>>8;        
C51 COMPILER V9.59.0.0   MAIN                                                              02/10/2022 11:44:50 PAGE 2   

  55   1      }
  56          
  57          
  58          /**********************************************************************************
  59          **      WS51F0032 系列芯片最多可输出 8 路独立的 PWM 波形，
  60          **      这 8 路 PWM 又可以两两结合，组成 4 组带 8 位死区控制的互补 PWM 输出。
  61          **      PWM0~PWM5 这 6 通道 PWM 还具有刹车和掩模功能，可用于电机驱动。
  62          ***********************************************************************************/
  63          // 寄存器 PWMFLG0 标志
  64          #define P0PIF0  0x01            //bit0 PWM0 计数器计数到最大值中断标志，仅中心对齐模式下有效
  65          #define P0ZIF0  0x02    //bit1 PWM0 计数器计数到 0 中断标志
  66          #define P1ZIF0  0x08    //bit3 PWM1 计数器计数到 0 中断标志
  67          #define P2PIF0  0x10    //bit4 PWM2 计数器计数到最大值中断标志，仅中心对齐模式下有效
  68          #define P2ZIF0  0x20    //bit5 PWM2 计数器计数到 0 中断标志
  69          #define P3ZIF0  0x80    //bit7 PWM3 计数器计数到 0 中断标志
  70          
  71          // 寄存器 PWMFLG1 标志
  72          #define P4PIF1  0x01            //bit0 PWM4 计数器计数到最大值中断标志，仅中心对齐模式下有效
  73          #define P4ZIF1  0x02    //bit1 PWM4 计数器计数到 0 中断标志
  74          #define P5ZIF1  0x08    //bit3 PWM5 计数器计数到 0 中断标志
  75          #define P6ZIF1  0x20    //bit5 PWM6 计数器计数到 0 中断标志
  76          #define P7ZIF1  0x80    //bit7 PWM7 计数器计数到 0 中断标志
  77          
  78          // 寄存器 FBFLG 标志
  79          #define FBPF    0x04            //P14 刹车引脚刹车信号引起刹车中断标志
  80          #define FBAF    0x02            //ADC 比较结果刹车信号引起刹车中断标志
  81          #define FBCF    0x01            //ADC 比较结果刹车信号引起刹车中断标志
  82          
  83          void PWM_isr(void) interrupt 5
  84          {
  85   1              P00 = ~P00;
  86   1              //PWMFLG0
  87   1      //      printf("%bx\r", PWMFLG0);
  88   1              if(PWMFLG0 & P0PIF0)    //PWM0 计数器计数到最大值中断标志，仅中心对齐模式下有效
  89   1              {
  90   2      //              P00 = 1;
  91   2                      printf("P0X    \n\r");
  92   2                      PWMFLG0 &= ~P0PIF0;     
  93   2              }
  94   1          if(PWMFLG0 & P0ZIF0)
  95   1              {       
  96   2      //              P00 = 0;
  97   2                      printf("0    \n\r");    //PWM0 计数器计数到 0 中断标志
  98   2                      PWMFLG0 &= ~P0ZIF0;
  99   2              }
 100   1          if(PWMFLG0 & P1ZIF0)
 101   1              {       
 102   2                      printf("1    \n\r");    //PWM1 计数器计数到 0 中断标志
 103   2                      PWMFLG0 &= ~P1ZIF0;
 104   2              }
 105   1          if(PWMFLG0 & P2PIF0)
 106   1              {       
 107   2                      printf("P2X    \n\r");  //PWM2 计数器计数到最大值中断标志，仅中心对齐模式下有效
 108   2                      PWMFLG0 &= ~P2PIF0;
 109   2              }
 110   1          if(PWMFLG0 & P2ZIF0)
 111   1              {       
 112   2                      printf("2    \n\r");    //PWM2 计数器计数到 0 中断标志
 113   2                      PWMFLG0 &= ~P2ZIF0;
 114   2              }
 115   1          if(PWMFLG0 & P3ZIF0)
 116   1              {       
C51 COMPILER V9.59.0.0   MAIN                                                              02/10/2022 11:44:50 PAGE 3   

 117   2                      printf("3    \n\r");    //PWM3 计数器计数到 0 中断标志
 118   2                      PWMFLG0 &= ~P3ZIF0;
 119   2              }
 120   1              
 121   1      //      printf("%bx\r", PWMFLG1);
 122   1              //PWMFLG1
 123   1              if(PWMFLG1 & P4PIF1)    //PWM4 计数器计数到最大值中断标志，仅中心对齐模式下有效
 124   1              {
 125   2                      printf("P4X    \n\r");
 126   2                      PWMFLG1 &= ~P4PIF1;     
 127   2              }
 128   1          if(PWMFLG1 & P4ZIF1)
 129   1              {       
 130   2                      printf("4    \n\r");    //PWM4 计数器计数到 0 中断标志
 131   2                      PWMFLG1 &= ~P4ZIF1;
 132   2              }
 133   1          if(PWMFLG1 & P5ZIF1)
 134   1              {       
 135   2                      printf("5    \n\r");    //PWM5 计数器计数到 0 中断标志
 136   2                      PWMFLG1 &= ~P5ZIF1;
 137   2              }
 138   1      
 139   1      }       
 140          
 141          void PWM_PS_isr(void) interrupt 7
 142          {
 143   1              if(PMSCON & 0x2)        //读掩模标志
 144   1              {
 145   2                      P00 = 1;
 146   2              }
 147   1              else
 148   1              {
 149   2                      P00 = 0;
 150   2              }
 151   1              if(PMSCON & 0x1)
 152   1              {
 153   2                      printf("PS\n");
 154   2                      PMSCON &= ~0x1; 
 155   2              }
 156   1              printf("%bx\n",PMSCON);
 157   1      }
 158          
 159          void PWM_FB_isr(void) interrupt 6
 160          {
 161   1              P00 = 1;
 162   1      //      printf("%bx\n",FBFLG);
 163   1              if(FBFLG & FBPF)        
 164   1              {
 165   2                      printf("FB\n");
 166   2                      FBFLG &= ~FBPF; 
 167   2              }
 168   1              P00 = 0;
 169   1      }
 170          
 171          //=============================== PWM配置寄存器 ================================
 172          // 寄存器 PWMnCFG(n=0,2,4)
 173          #define PWM_ZIE 0x80    //PWMn 计数器计数到 0 中断使能
 174          #define PWM_PIE 0x40    //中心对齐模式下，PWMn 计数器计数到最大值中断使能。
 175          #define PWM_MOD 0x20    //（0：边沿对齐； 1：中心对齐）
 176          #define PWM_TOG 0x10    //极性选择，为 1 时输出反向
 177          #define PWM_OM  0x08    //互补输出：（1：波形互换）
 178          #define PWM_CKS 0                       //时钟源选择：0系统时钟
C51 COMPILER V9.59.0.0   MAIN                                                              02/10/2022 11:44:50 PAGE 4   

 179                                                                                                  //1 HRC
 180                                                                                                  //2 LRC
 181                                                                                                  //3 LOSC
 182          // 寄存器 PWMnCFG(n=1,3,5)                                                      
 183          #define PWM_SN  0x0     
 184          
 185          // 寄存器 PWM6CFG
 186          #define PWM7_ZIE        0x80    //PWMn 计数器计数到 0 中断使能
 187          #define PWM6_ZIE        0x40    //PWMn 计数器计数到 0 中断使能
 188          #define PWM7_TOG        0x20    //极性选择，为 1 时输出反向
 189          #define PWM6_TOG        0x10    //极性选择，为 1 时输出反向     
 190          #define PWM6_SN         0x08    
 191          
 192          
 193          // 寄存器 PWMUPD  即刻新的周期和占空比配置值
 194          #define PWMUPD0 0x01    //bit0 
 195          #define PWMUPD1 0x02    //bit1
 196          #define PWMUPD2 0x04    //bit2
 197          #define PWMUPD3 0x08    //bit3
 198          #define PWMUPD4 0x10    //bit4
 199          #define PWMUPD5 0x20    //bit5  
 200          
 201          // 寄存器 PWMCLR 写 1 清零 PWMn 计数器
 202          #define PWM0CLR 0x01    //bit0 
 203          #define PWM1CLR 0x02    //bit1
 204          #define PWM2CLR 0x04    //bit2
 205          #define PWM3CLR 0x08    //bit3
 206          #define PWM4CLR 0x10    //bit4
 207          #define PWM5CLR 0x20    //bit5
 208          #define PWM6CLR 0x40    //bit6
 209          #define PWM7CLR 0x80    //bit7          
 210          
 211          
 212          //=============================== 刹车寄存器 ================================
 213          // 寄存器 FBCON
 214          #define FBPE    0x80    //P14 输入作为刹车信号使能位，1 有效
 215          #define FBAE    0x40    //ADC 比较结果作为刹车信号使能位，1 有效
 216          #define FBCE    0x20    //比较器结果作为刹车信号使能位，1 有效
 217          #define FBIE    0x10    //刹车中断使能位
 218          #define FPOL    0x08    //P14 输入刹车信号极性选择
 219          #define FPFTR   7                       //P14 刹车信号滤波配置，对 P53 进行 FPFTR 个系统时钟的滤波
 220          
 221          // 寄存器 FBDAT
 222          #define FDEN            0x80    //bit0-bit5
 223          #define FBDAT0  0x01    //bit0
 224          #define FBDAT1  0x02    //bit1
 225          #define FBDAT2  0x04    //bit2
 226          #define FBDAT3  0x08    //bit3
 227          #define FBDAT4  0x10    //bit4
 228          #define FBDAT5  0x20    //bit5
 229          
 230          //=============================== 掩膜寄存器 ================================
 231          // 寄存器 PMCON         掩模数据输出功能使能位(非刹车状态时，在 PWMnRUN 为 0 或 PWMn 被掩模的情况下：)
 232          #define PMEN0   0x01    //bit0 掩模数据输出功能使能(0:为高阻；1：为PMDAT决定)
 233          #define PMEN1   0x02    //bit1
 234          #define PMEN2   0x04    //bit2
 235          #define PMEN3   0x08    //bit3
 236          #define PMEN4   0x10    //bit4
 237          #define PMEN5   0x20    //bit5
 238          // 寄存器 PMDAT         PWM 掩模数据    
 239          #define PMDAT0  0x01    //bit0 掩模数据
 240          #define PMDAT1  0x02    //bit1
C51 COMPILER V9.59.0.0   MAIN                                                              02/10/2022 11:44:50 PAGE 5   

 241          #define PMDAT2  0x04    //bit2
 242          #define PMDAT3  0x08    //bit3
 243          #define PMDAT4  0x10    //bit4
 244          #define PMDAT5  0x20    //bit5
 245                  
 246          // 寄存器 PMSCON        掩膜控制寄存器
 247          #define PSE             0x80    //bit7:         掩模功能使能，1 有效
 248          #define PSIE    0x40    //bit6:         掩模中断使能，1 有效
 249          #define PSMOD   0x20    //bit5:         掩模计数触发边沿
 250                                                                                          //1：在选中的 PWM 上升沿触发计数
 251                                                                                          //0：在选中的 PWM 下降沿触发计数
 252          #define PSCHS   0x00    //bit4-2:       掩模 PWM 选择(可选0~5)
 253          #define PMSK    0x80    //bit1:         掩模标志
 254                                                                                          //1：选择的 PWM 输出处在掩模状态
 255                                                                                          //0：选择的 PWM 输出处在有效输出状态（非掩模状态）
 256          #define PSIF    0x01    //bit0:         掩模中断标志，PSIE 使能后，PSIF 在选中的 PWM 输出在掩模状态和有效输出状态切换时
             -由硬件置一
 257          
 258                  
 259          //      PMSDAL = 0;     //掩模有效个数寄存器
 260          //      PMSDAH = 0;     //掩模有效个数寄存器
 261          //      PMSDBL = 0;     //PMSDML = 0;   //掩模掉个数寄存器
 262          //      PMSDBH = 0;     //PMSDMH = 0;   //掩模掉个数寄存器
 263          
 264          
 265          // 规格书错了
 266          #define SYSCL_VAL       0x00                    //0x00     //HRC        0
 267                                      //0x20         //LRC        1
 268                                      //0x40     //LOSC 2
 269          //void INT2_ISR(void) interrupt 5 //I2C/Timer2/PWM/LED/EP0
 270          //{
 271          //      if(PWMFLG0&0x01)  //PWM0
 272          //      {                       
 273          //                      PWMFLG0 =0;
 274          //                P07 = ~P07;                   
 275          //      }       
 276          //              if(PWMFLG1&0x01)  //PWM0
 277          //      {                       
 278          //                      PWMFLG1 =0;
 279          //                P06 = ~P06;           
 280          //      }
 281          //}     
 282          void main(void)
 283          {
 284   1              /********************** 系统时钟测试 HRC ***8*******************/
 285   1              SCCON = 0x00;
 286   1              HRCON |= 0X80;
 287   1        delay_1ms();
 288   1      
 289   1              /****************** UART1 模式1（波特率：9600）******************/
 290   1              Uart1Mode1();   //9600
 291   1        printf("RUN------\r\n");
 292   1      
 293   1              /********************* 打印PWM寄存器初始值 **********************/
 294   1              printf("打印PWM寄存器初始值\r\n");
 295   1              printf("PWM0PS=%bx,\r\nPWM1PS=%bx,\r\nPWM2PS=%bx,\r\nPWM3PS=%bx,\r\nPWM4PS=%bx,\r\nPWM5PS=%bx,\r\nPWM6PS=
             -%bx,\r\nPWM7PS=%bx,\r\n", PWM0PS, PWM1PS, PWM2PS, PWM3PS, PWM4PS, PWM5PS, PWM6PS, PWM7PS);
 296   1              printf("PWM0DUTL=%bx,\t PWM0DUTH=%bx,\t PWM0DIVL=%bx,\t PWM0DIVH=%bx\r\n", PWM0DUTL, PWM0DUTH, PWM0DIVL, 
             -PWM0DIVH);
 297   1              printf("PWMCLR=0x%bx,\t PWMUPD=0x%2bx,\t PWMFLG0=0x%2bx,\t PWMFLG1=0x%2bx\r\n", PWMCLR, PWMUPD, PWMFLG0, 
             -PWMFLG1);
 298   1              printf("FBCON=0x%2bx,\t FBDAT=0x%2bx,\t FBFLG=0x%2bx,\t\r\n", FBCON, FBDAT, FBFLG);
C51 COMPILER V9.59.0.0   MAIN                                                              02/10/2022 11:44:50 PAGE 6   

 299   1              printf("PMDAT=0x%2bx,\t PMSCON=0x%2bx,\t\r\n", PMDAT, PMSCON);
 300   1      
 301   1              PWM0PS = 0x00;      //P00
 302   1              PWM1PS = 0x01;      //P01
 303   1              PWM2PS = 0x02;      //P02
 304   1              PWM3PS = 0x03;      //P03
 305   1              PWM4PS = 0x04;      //P04
 306   1              PWM5PS = 0x05;      //P05
 307   1              
 308   1              /******************************管脚配置**************************/
 309   1              P00F = 0x03;
 310   1              P01F = 0x03;
 311   1              P02F = 0x03;
 312   1              P03F = 0x03;
 313   1              P04F = 0x03;
 314   1              P05F = 0x03;
 315   1              
 316   1              P06F = 0x02;
 317   1              P07F = 0x02;
 318   1              P10F = 0x81;    
 319   1      //      P02F=6;//UART1_RX
 320   1              P16F=6;//UART1_TX---p2
 321   1      
 322   1              
 323   1      //=============================== PWM配置寄存器 ================================LRC: 32768Hz;
 324   1              /*      
 325   1              寄存器 PWMnCFG(n=0,2,4)         +PWM_ZIE        0x80    bit7：PWMn 计数器计数到 0 中断使能
 326   1                                                                      +PWM_PIE        0x40    bit6：中心对齐模式下，PWMn 计数器计数到最大值中断使能。
 327   1                                                                      +PWM_MOD        0x20    bit5：（0：边沿对齐； 1：中心对齐）
 328   1                                                                      +PWM_TOG        0x10    bit4：极性选择，为 1 时输出反向
 329   1                                                                      +PWM_OM         0x08    bit3：互补输出：（1：波形互换）
 330   1                                                                      +PWM_CKS                1       bit2-0：时钟源选择：0系统时钟
 331   1              寄存器 PWMnCFG(n=1,3,5)         +PWM_ZIE        0x80    bit7：PWMn 计数器计数到 0 中断使能      
 332   1                                                                      +PWM_TOG        0x10    bit4：极性选择，为 1 时输出反向
 333   1                                                                      +PWM_SN         0x01    bit0：(1独立输出，0互补输出)                    芯片搞反了
 334   1              **/
 335   1              /****************** PWM0/1组 ********************/
 336   1              PWM0CFG=PWM_CKS;                                //PWM0配置                      
 337   1              PWM1CFG=PWM_SN;                                 //独立输出
 338   1              
 339   1              /****************** PWM2/3组 ********************/
 340   1              PWM2CFG=PWM_CKS;                //PWM2配置
 341   1              PWM3CFG=PWM_SN;                                 //独立输出
 342   1              
 343   1              /****************** PWM4/5组 ********************/
 344   1              PWM4CFG=PWM_CKS;                //PWM4配置
 345   1              PWM5CFG=PWM_SN;                                 //独立输出
 346   1      
 347   1      
 348   1      
 349   1      //=============================== PWM 占空比配置 ================================       
 350   1              /********* PWM0周期占空比配置10% **********/
 351   1              PWM0DUTL=10;
 352   1              PWM0DUTH=0;
 353   1              PWM0DIVL=99;
 354   1              PWM0DIVH=0;
 355   1              
 356   1      //      /********* PWM1周期占空比配置20% **********/
 357   1              PWM1DUTL=20;
 358   1              PWM1DUTH=0;
 359   1              PWM1DIVL=99;
 360   1              PWM1DIVH=0;
C51 COMPILER V9.59.0.0   MAIN                                                              02/10/2022 11:44:50 PAGE 7   

 361   1              
 362   1              /********* PWM2周期占空比配置30% **********/
 363   1              PWM2DUTL=30;
 364   1              PWM2DUTH=0;
 365   1              PWM2DIVL=99;
 366   1              PWM2DIVH=0;
 367   1              
 368   1              /********* PWM3周期占空比配置40% **********/
 369   1              PWM3DUTL=40;
 370   1              PWM3DUTH=0;
 371   1              PWM3DIVL=99;
 372   1              PWM3DIVH=0;
 373   1              
 374   1              /********* PWM4周期占空比配置50% **********/
 375   1              PWM4DUTL=50;
 376   1              PWM4DUTH=0;
 377   1              PWM4DIVL=99;
 378   1              PWM4DIVH=0;
 379   1              
 380   1              /********* PWM5周期占空比配置60% **********/
 381   1              PWM5DUTL=60;
 382   1              PWM5DUTH=0;
 383   1              PWM5DIVL=99;
 384   1              PWM5DIVH=0;
 385   1              
 386   1      
 387   1              PWMRUN=0xff;    //运行使能
 388   1      
 389   1      //      EINT4 = 1;              //掩膜中断使能
 390   1      //      EINT3 = 1;              //刹车中断使能
 391   1              EINT2 = 1;              //计数中断使能
 392   1              EA = 1; 
 393   1                      
 394   1              
 395   1          while(1)
 396   1              {
 397   2      //              P06 = ~P06;
 398   2      //              delay(50);
 399   2                      if(P10 == 0)
 400   2                      {
 401   3                              delay(100);
 402   3                              if(P10 == 0)
 403   3                              {
 404   4                                                                      
 405   4                                      while(P10 == 0)
 406   4      //                              printf("run - pwm\r\n");
 407   4                                      
 408   4                                      //即刻更新周期占空比测试
 409   4                                      PWM4DUTL += 5;
 410   4                                      PWM5DUTL += 5;
 411   4                                      PWM0DUTL += 5;
 412   4                                      PWM1DUTL += 5;
 413   4                                      PWM2DUTL += 5;
 414   4                                      PWM3DUTL += 5;          
 415   4                                      /*      
 416   4                                      寄存器 PWMUPD   写 1 载入 PWM0-5 新的周期和占空比配置值
 417   4                                                                              +PWMUPD0        0x01    //bit0 
 418   4                                                                              +PWMUPD1        0x02    //bit1
 419   4                                                                              +PWMUPD2        0x04    //bit2
 420   4                                                                              +PWMUPD3        0x08    //bit3
 421   4                                                                              +PWMUPD4        0x10    //bit4
 422   4                                                                              +PWMUPD5        0x20    //bit5  
C51 COMPILER V9.59.0.0   MAIN                                                              02/10/2022 11:44:50 PAGE 8   

 423   4                                      **/
 424   4                                                      
 425   4                                      PWMUPD = 0x3F;  //
 426   4                              }                               
 427   3                      }       
 428   2              }
 429   1          
 430   1      }


MODULE INFORMATION:   STATIC OVERLAYABLE
   CODE SIZE        =   1352    ----
   CONSTANT SIZE    =    435    ----
   XDATA SIZE       =     10    ----
   PDATA SIZE       =   ----    ----
   DATA SIZE        =   ----    ----
   IDATA SIZE       =   ----    ----
   BIT SIZE         =   ----    ----
END OF MODULE INFORMATION.


C51 COMPILATION COMPLETE.  0 WARNING(S),  0 ERROR(S)
