C51 COMPILER V9.59.0.0   MAIN                                                              02/10/2022 11:39:28 PAGE 1   


C51 COMPILER V9.59.0.0, COMPILATION OF MODULE MAIN
OBJECT MODULE PLACED IN .\Objects\main.obj
COMPILER INVOKED BY: C:\Keil_v5\C51\BIN\C51.EXE main.c OPTIMIZE(8,SPEED) BROWSE INCDIR(..\headfile) DEBUG OBJECTEXTEND P
                    -RINT(.\Listings\main.lst) OBJECT(.\Objects\main.obj)

line level    source

   1          /*********************************************************
   2          *Copyright (C), 2020-2030, 深圳前海维晟智能技术有限公司
   3          *文件名:        uart0.c
   4          *作  者:        
   5          *版  本:        
   6          *日  期:        
   7          *描  述:        
   8          *备  注:     
   9          **********************************************************/
  10          #include "WS51F6240.h"
  11          #include <stdio.h>
  12          static void delay(int i)
  13          {
  14   1              long j;
  15   1              for(j=0;j<10*i;++j);
  16   1      }
  17          static void delay_1ms(void)
  18          {
  19   1              int j;
  20   1              for(j=0;j<1700;++j);
  21   1      }
  22          
  23          void UART0_write(signed char dat)
  24          {
  25   1          S0BUF = dat;            //Send data to UART buffer
  26   1          while(!TI0);
  27   1          TI0 = 0;
  28   1      }
  29          
  30          ///重定向c库函数printf到串口，重定向后可使用printf函数
  31          char putchar(char ch)
  32          {
  33   1          /* 发送一个字节数据到串口 */
  34   1          UART0_write((signed char) ch);
  35   1              
  36   1          return ch;
  37   1      }
  38          
  39          
  40          unsigned char dat0;
  41          unsigned char Rx_flag=0;
  42          
  43          /*****************************************************
  44          * 中断服务函数
  45          *****************************************************/
  46          void Uart_Isr() interrupt 4
  47          {
  48   1          if(RI0 == 1)     //如果接收到计算机发的数据
  49   1          {
  50   2              RI0 = 0;     //清除标志位
  51   2              dat0 = S0BUF;  
  52   2              Rx_flag = 1;
  53   2          }
  54   1                      
C51 COMPILER V9.59.0.0   MAIN                                                              02/10/2022 11:39:28 PAGE 2   

  55   1      }
  56          
  57          
  58          /*****************************************************
  59          *函数名称：void Uart0Mode1(void)
  60          *函数功能：8 位异步模式，波特率：可调(T1/T2)
  61          *入口参数：
  62          *出口参数：
  63          *****************************************************/
  64          void Uart0Mode1(void)
  65          {
  66   1          SM00 = 0;
  67   1          SM10 = 1;   //模式选择: 模式1
  68   1          REN0 = 1;   //串行接收使能位
  69   1          RI0 = 0;    //接收中断标志
  70   1          TI0 = 0;    //发送中断标志
  71   1      //      
  72   1      //    /* 默认定时器1作为时钟源(配置位8Bit自动重载模式不开中断程序) */
  73   1      //    /* TL1 作为 8 位定时器/计数器， TH1 作为自动重载寄存器 */
  74   1      //    TR1 = 0;    //先停T1
  75   1      //    TMOD = 0x20;                // 定时器，时钟为系统时钟 12 分频
  76   1      //    TH1 = 256-4;//波特率10417
  77   1      //    TR1 = 1;  //开始运行//timer1 start running        
  78   1          
  79   1              //TIMER2 作为uart0的波特率时钟源 配置波特率为9600
  80   1          TR2 = 0;
  81   1          T2MOD = 0x00;/* 定时2中断不使能，不分频 */
  82   1          T2CL = 65536 - 52;
  83   1          T2CH = 65536 - 52 >> 8;//波特率：9600
  84   1          TL2 = T2CL;
  85   1          TH2 = T2CH;
  86   1          TR2 = 1;    //启动定时器2
  87   1          RCLK = 1;   //UART0在模式1和3时使用定时器1/2作为接收波特率时钟
  88   1          TCLK = 1;           //UART0在模式1和3时使用定时器1/2作为接收波特率时钟
  89   1      }
  90          /*****************************************************
  91          *函数名称：void Uart0Mode1(void)
  92          *函数功能：9 位异步模式，波特率：Fsys/64或Fsys/32
  93          *入口参数：
  94          *出口参数：
  95          *****************************************************/
  96          void Uart0Mode2(void)
  97          {
  98   1          SM00 = 1;
  99   1          SM10 = 0;   //模式选择: 模式2
 100   1          REN0 = 1;   //串行接收使能位
 101   1          RI0 = 0;    //接收中断标志
 102   1          TI0 = 0;    //发送中断标志
 103   1              
 104   1      
 105   1      }
 106          /*****************************************************
 107          *函数名称：void Uart0Mode1(void)
 108          *函数功能：9 位异步模式，波特率：可调(T1/T2)
 109          *入口参数：
 110          *出口参数：
 111          *****************************************************/
 112          void Uart0Mode3(void)
 113          {
 114   1          SM00 = 1;
 115   1          SM10 = 1;   //模式选择: 模式3
 116   1          REN0 = 1;   //串行接收使能位
C51 COMPILER V9.59.0.0   MAIN                                                              02/10/2022 11:39:28 PAGE 3   

 117   1          RI0 = 0;    //接收中断标志
 118   1          TI0 = 0;    //发送中断标志
 119   1                      TB80 = 0;
 120   1                      RB80 = 0;       
 121   1              
 122   1          /* 默认定时器1作为时钟源(配置位8Bit自动重载模式不开中断程序) */
 123   1          /* TL1 作为 8 位定时器/计数器， TH1 作为自动重载寄存器 */
 124   1      //    TR1 = 0;    //先停T1
 125   1      //    TMOD = 0x20;                // 定时器，时钟为系统时钟 12 分频
 126   1      //    TH1 = 256-4;//波特率10417
 127   1      //    TR1 = 1;  //开始运行//timer1 start running        
 128   1          
 129   1              //TIMER2 作为uart0的波特率时钟源
 130   1          TR2 = 0;
 131   1          T2MOD = 0x00;/* 定时2中断不使能，不分频 */
 132   1          T2CL = 65536 - 52;
 133   1          T2CH = 65536 - 52 >> 8;//波特率：9600
 134   1          TL2 = T2CL;
 135   1          TH2 = T2CH;
 136   1          TR2 = 1;    //启动定时器2
 137   1          RCLK = 1;   
 138   1          TCLK = 1;   
 139   1      }
 140          /**************************************************************************
 141          说明：RX接P06 TX接P07  串口调试助手进行数据的收发,波特率的选择看附件文档
 142          **************************************************************************/
 143          void main()
 144          {
 145   1          SCCON = 0x00;//HRC
 146   1              HRCON |= 0X80;
 147   1          delay_1ms();
 148   1              
 149   1          /*************************管脚配置**********************/ 
 150   1          P07F = 6;//RX
 151   1          P06F = 6;//TX
 152   1      
 153   1              P15F = 0x81;
 154   1      
 155   1          /****** UART0 模式1（波特率：9600 可调）**************/
 156   1          Uart0Mode1();
 157   1          /****** UART0 模式2（波特率：Fsys/64或Fsys/32）*******/
 158   1      //      PCON |= 0x80;   //倍频
 159   1      //    Uart0Mode2();
 160   1          /****** UART0 模式3（波特率：9600 可调）**************/
 161   1      //    Uart0Mode3();     
 162   1              
 163   1              
 164   1              /* 倍频选择配置,用于Uart0模式1,2,3 */
 165   1      //      PCON |= 0x80;
 166   1              
 167   1              
 168   1          ES0 = 1;    /* UART0 中断开 */
 169   1          EA = 1;
 170   1              
 171   1              
 172   1          printf("RUN------\r\n");
 173   1          while(1)
 174   1          {
 175   2              if(Rx_flag == 1)
 176   2              {
 177   3                  Rx_flag = 0;
 178   3                  UART0_write(dat0);
C51 COMPILER V9.59.0.0   MAIN                                                              02/10/2022 11:39:28 PAGE 4   

 179   3              }
 180   2              
 181   2              if(P15 == 0)//接收处理
 182   2              {
 183   3                  delay(10);
 184   3                  if(P15 == 0)
 185   3                  {
 186   4                      while(P15 == 0);
 187   4                      printf("U"); //对应的十六进制为0x55
 188   4                  }
 189   3              }
 190   2                 
 191   2          }
 192   1      
 193   1      
 194   1      }


MODULE INFORMATION:   STATIC OVERLAYABLE
   CODE SIZE        =    276    ----
   CONSTANT SIZE    =     14    ----
   XDATA SIZE       =   ----    ----
   PDATA SIZE       =   ----    ----
   DATA SIZE        =      2       6
   IDATA SIZE       =   ----    ----
   BIT SIZE         =   ----    ----
END OF MODULE INFORMATION.


C51 COMPILATION COMPLETE.  0 WARNING(S),  0 ERROR(S)
