BL51 BANKED LINKER/LOCATER V6.22.2.0                                                    07/28/2021  14:11:04  PAGE 1


BL51 BANKED LINKER/LOCATER V6.22.2.0, INVOKED BY:
C:\KEIL_V5\C51\BIN\BL51.EXE .\Objects\STARTUP.obj, .\Objects\main.obj, .\Objects\Init.obj, .\Objects\PWM.obj, .\Objects\
>> INT.obj TO .\Objects\Test PRINT (.\Listings\Test.m51) RAMSIZE (256)


MEMORY MODEL: SMALL


INPUT MODULES INCLUDED:
  .\Objects\STARTUP.obj (?C_STARTUP)
  .\Objects\main.obj (MAIN)
  .\Objects\Init.obj (INIT)
  .\Objects\PWM.obj (PWM)
  .\Objects\INT.obj (INT)
  C:\KEIL_V5\C51\LIB\C51S.LIB (?C_INIT)
  C:\KEIL_V5\C51\LIB\C51S.LIB (PRINTF)
  C:\KEIL_V5\C51\LIB\C51S.LIB (?C?CLDPTR)
  C:\KEIL_V5\C51\LIB\C51S.LIB (?C?CLDOPTR)
  C:\KEIL_V5\C51\LIB\C51S.LIB (?C?CSTPTR)
  C:\KEIL_V5\C51\LIB\C51S.LIB (?C?PLDIIDATA)
  C:\KEIL_V5\C51\LIB\C51S.LIB (?C?CCASE)


LINK MAP OF MODULE:  .\Objects\Test (?C_STARTUP)


            TYPE    BASE      LENGTH    RELOCATION   SEGMENT NAME
            -----------------------------------------------------

            * * * * * * *   D A T A   M E M O R Y   * * * * * * *
            REG     0000H     0008H     ABSOLUTE     "REG BANK 0"
                    0008H     0018H                  *** GAP ***
            BIT     0020H.0   0001H.1   UNIT         _BIT_GROUP_
                    0021H.1   0000H.7                *** GAP ***
            DATA    0022H     002EH     UNIT         ?DT?MAIN
            DATA    0050H     0019H     UNIT         _DATA_GROUP_
            IDATA   0069H     0001H     UNIT         ?STACK

            * * * * * * *  X D A T A   M E M O R Y  * * * * * * *
            XDATA   0000H     0024H     UNIT         ?XD?MAIN

            * * * * * * *   C O D E   M E M O R Y   * * * * * * *
            CODE    0000H     0003H     ABSOLUTE     
            CODE    0003H     0013H     UNIT         ?PR?TIME1_ISR?MAIN
            CODE    0016H     0004H     UNIT         ?PR?INT2SETMODE0?INT
                    001AH     0001H                  *** GAP ***
            CODE    001BH     0003H     ABSOLUTE     
                    001EH     0005H                  *** GAP ***
            CODE    0023H     0003H     ABSOLUTE     
                    0026H     0005H                  *** GAP ***
            CODE    002BH     0003H     ABSOLUTE     
            CODE    002EH     035CH     UNIT         ?PR?PRINTF?PRINTF
            CODE    038AH     0173H     UNIT         ?PR?MAIN?MAIN
            CODE    04FDH     008EH     UNIT         ?C?LIB_CODE
            CODE    058BH     008CH     UNIT         ?C_C51STARTUP
            CODE    0617H     0061H     UNIT         ?PR?TIMER2_INIT?INIT
            CODE    0678H     005DH     UNIT         ?PR?_RGB_LIGHT?MAIN
            CODE    06D5H     0040H     UNIT         ?PR?TIMER0_INIT?INIT
BL51 BANKED LINKER/LOCATER V6.22.2.0                                                  07/28/2021  14:11:04  PAGE 2


            CODE    0715H     003EH     UNIT         ?PR?_KEY_SCAN?MAIN
            CODE    0753H     003EH     UNIT         ?PR?PWM_LED_INIT?PWM
            CODE    0791H     003AH     UNIT         ?C_INITSEG
            CODE    07CBH     0030H     UNIT         ?PR?TIMER1_INIT?INIT
            CODE    07FBH     002BH     UNIT         ?PR?INT2_ISR?MAIN
            CODE    0826H     0026H     UNIT         ?PR?UART0MODE1_INIT?INT
            CODE    084CH     0020H     UNIT         ?CO?MAIN
            CODE    086CH     000FH     UNIT         ?PR?DELAY_1MS?MAIN
            CODE    087BH     000FH     UNIT         ?PR?_DELAY_MS?MAIN
            CODE    088AH     000CH     UNIT         ?PR?UART_ISR?MAIN
            CODE    0896H     0008H     UNIT         ?PR?_PUTCHAR?MAIN
            CODE    089EH     0008H     UNIT         ?PR?_UART0_WRITE?INT
            CODE    08A6H     0007H     UNIT         ?PR?INT0SETMODE0?INT
            CODE    08ADH     0007H     UNIT         ?PR?INT1SETMODE0?INT



OVERLAY MAP OF MODULE:   .\Objects\Test (?C_STARTUP)


SEGMENT                            BIT_GROUP          DATA_GROUP 
  +--> CALLED SEGMENT           START    LENGTH     START    LENGTH
-------------------------------------------------------------------
?C_C51STARTUP                   -----    -----      -----    -----
  +--> ?PR?MAIN?MAIN
  +--> ?C_INITSEG

?PR?MAIN?MAIN                   -----    -----      0050H    0004H
  +--> ?PR?UART0MODE1_INIT?INT
  +--> ?PR?PWM_LED_INIT?PWM
  +--> ?PR?TIMER1_INIT?INIT
  +--> ?CO?MAIN
  +--> ?PR?PRINTF?PRINTF
  +--> ?PR?_KEY_SCAN?MAIN
  +--> ?PR?_UART0_WRITE?INT
  +--> ?PR?_DELAY_MS?MAIN
  +--> ?PR?_RGB_LIGHT?MAIN

?PR?PRINTF?PRINTF               0020H.0  0001H.1    0054H    0014H
  +--> ?PR?_PUTCHAR?MAIN

?PR?_PUTCHAR?MAIN               -----    -----      0068H    0001H
  +--> ?PR?_UART0_WRITE?INT

?PR?_KEY_SCAN?MAIN              -----    -----      -----    -----
  +--> ?PR?_DELAY_MS?MAIN



SYMBOL TABLE OF MODULE:  .\Objects\Test (?C_STARTUP)

  VALUE           TYPE          NAME
  ----------------------------------

  -------         MODULE        ?C_STARTUP
  C:058BH         SEGMENT       ?C_C51STARTUP
  I:0069H         SEGMENT       ?STACK
BL51 BANKED LINKER/LOCATER V6.22.2.0                                                  07/28/2021  14:11:04  PAGE 3


  C:0000H         PUBLIC        ?C_STARTUP
  D:00E0H         SYMBOL        ACC
  D:00F0H         SYMBOL        B
  D:0083H         SYMBOL        DPH
  D:0082H         SYMBOL        DPL
  N:0000H         SYMBOL        IBPSTACK
  N:0100H         SYMBOL        IBPSTACKTOP
  N:0080H         SYMBOL        IDATALEN
  C:058EH         SYMBOL        IDATALOOP
  N:0000H         SYMBOL        PBPSTACK
  N:0100H         SYMBOL        PBPSTACKTOP
  N:0000H         SYMBOL        PDATALEN
  N:0000H         SYMBOL        PDATASTART
  N:0000H         SYMBOL        PPAGE
  N:0000H         SYMBOL        PPAGEENABLE
  D:00A0H         SYMBOL        PPAGE_SFR
  D:0081H         SYMBOL        SP
  C:058BH         SYMBOL        STARTUP1
  N:0000H         SYMBOL        XBPSTACK
  N:0000H         SYMBOL        XBPSTACKTOP
  N:0000H         SYMBOL        XDATALEN
  N:0000H         SYMBOL        XDATASTART
  C:0000H         LINE#         126
  C:058BH         LINE#         133
  C:058DH         LINE#         134
  C:058EH         LINE#         135
  C:058FH         LINE#         136
  C:0591H         LINE#         185
  C:0594H         LINE#         196
  -------         ENDMOD        ?C_STARTUP

  -------         MODULE        MAIN
  C:0000H         SYMBOL        _ICE_DUMMY_
  D:0080H         PUBLIC        P0
  D:0090H         PUBLIC        P1
  D:00A0H         PUBLIC        P2
  C:086CH         SYMBOL        delay_1ms
  D:0023H         PUBLIC        rgb_s_param
  B:00A8H.7       PUBLIC        EA
  X:0000H         PUBLIC        led_r
  D:00A8H         PUBLIC        IE
  C:0003H         PUBLIC        Time1_ISR
  D:00B8H         PUBLIC        IP
  D:004AH         PUBLIC        color
  D:00D8H         PUBLIC        EPIE
  C:038AH         PUBLIC        main
  D:00E8H         PUBLIC        EXIE
  B:0090H.0       PUBLIC        P10
  B:0090H.1       PUBLIC        P11
  B:0080H.2       PUBLIC        P02
  B:0080H.3       PUBLIC        P03
  B:0080H.4       PUBLIC        P04
  D:0088H         PUBLIC        TCON
  C:0678H         PUBLIC        _RGB_Light
  D:00F8H         PUBLIC        EXIP
  D:004BH         PUBLIC        over
  D:004CH         PUBLIC        Rx_flag
BL51 BANKED LINKER/LOCATER V6.22.2.0                                                  07/28/2021  14:11:04  PAGE 4


  B:0098H.0       PUBLIC        RI0
  D:008DH         PUBLIC        TH1
  C:0715H         PUBLIC        _KEY_Scan
  D:008BH         PUBLIC        TL1
  C:087BH         PUBLIC        _delay_ms
  B:0088H.6       PUBLIC        TR1
  D:0099H         PUBLIC        S0BUF
  B:00A8H.5       PUBLIC        EINT2
  D:0098H         PUBLIC        S0CON
  D:00C0H         PUBLIC        ADCON
  D:00C8H         PUBLIC        T2CON
  D:004DH         PUBLIC        dat0
  C:07FBH         PUBLIC        INT2_ISR
  C:088AH         PUBLIC        Uart_ISR
  D:004EH         PUBLIC        time_ms
  D:0086H         PUBLIC        SCCON
  X:000CH         PUBLIC        led_b
  C:0896H         PUBLIC        _putchar
  D:0096H         PUBLIC        HRCON
  X:0018H         PUBLIC        led_g
  -------         PROC          DELAY_1MS
  -------         DO            
  D:0006H         SYMBOL        j
  -------         ENDDO         
  C:086CH         LINE#         32
  C:086CH         LINE#         33
  C:086CH         LINE#         35
  C:087AH         LINE#         36
  -------         ENDPROC       DELAY_1MS
  -------         PROC          _DELAY_MS
  D:0006H         SYMBOL        nms
  C:087BH         LINE#         37
  C:087BH         LINE#         38
  C:087BH         LINE#         39
  C:087FH         LINE#         40
  C:0881H         LINE#         41
  C:0887H         LINE#         42
  C:0889H         LINE#         43
  -------         ENDPROC       _DELAY_MS
  -------         PROC          _PUTCHAR
  D:0068H         SYMBOL        ch
  C:0896H         LINE#         45
  C:0898H         LINE#         46
  C:0898H         LINE#         48
  C:089BH         LINE#         49
  C:089DH         LINE#         50
  -------         ENDPROC       _PUTCHAR
  -------         PROC          TIME1_ISR
  C:0003H         LINE#         51
  C:0005H         LINE#         53
  C:000DH         LINE#         54
  C:0010H         LINE#         55
  C:0013H         LINE#         56
  -------         ENDPROC       TIME1_ISR
  -------         PROC          UART_ISR
  C:088AH         LINE#         57
  C:088AH         LINE#         59
BL51 BANKED LINKER/LOCATER V6.22.2.0                                                  07/28/2021  14:11:04  PAGE 5


  C:088DH         LINE#         60
  C:088DH         LINE#         61
  C:088FH         LINE#         62
  C:0892H         LINE#         63
  C:0895H         LINE#         64
  C:0895H         LINE#         66
  -------         ENDPROC       UART_ISR
  -------         PROC          INT2_ISR
  C:07FBH         LINE#         67
  C:0801H         LINE#         74
  C:0808H         LINE#         75
  C:0808H         LINE#         76
  C:080AH         LINE#         77
  C:080DH         LINE#         78
  C:080FH         LINE#         79
  C:080FH         LINE#         80
  C:0816H         LINE#         81
  C:0816H         LINE#         82
  C:081AH         LINE#         83
  C:081DH         LINE#         84
  C:081FH         LINE#         85
  C:081FH         LINE#         86
  -------         ENDPROC       INT2_ISR
  -------         PROC          _KEY_SCAN
  D:0007H         SYMBOL        mode
  -------         DO            
  D:0022H         SYMBOL        key_up
  -------         ENDDO         
  C:0715H         LINE#         94
  C:0715H         LINE#         95
  C:0715H         LINE#         97
  C:071BH         LINE#         98
  C:0728H         LINE#         99
  C:0728H         LINE#         100
  C:072FH         LINE#         101
  C:0732H         LINE#         102
  C:0738H         LINE#         103
  C:073EH         LINE#         104
  C:0744H         LINE#         105
  C:0750H         LINE#         106
  C:0752H         LINE#         107
  -------         ENDPROC       _KEY_SCAN
  -------         PROC          _RGB_LIGHT
  D:0007H         SYMBOL        light
  D:0005H         SYMBOL        Lcolour
  -------         DO            
  D:0006H         SYMBOL        num
  -------         ENDDO         
  C:0678H         LINE#         109
  C:0678H         LINE#         110
  C:0678H         LINE#         112
  C:0684H         LINE#         113
  C:0684H         LINE#         114
  C:0688H         LINE#         115
  C:0688H         LINE#         116
  C:0697H         LINE#         117
  C:06A6H         LINE#         118
BL51 BANKED LINKER/LOCATER V6.22.2.0                                                  07/28/2021  14:11:04  PAGE 6


  C:06B0H         LINE#         119
  C:06B2H         LINE#         121
  C:06B2H         LINE#         122
  C:06BAH         LINE#         123
  C:06C2H         LINE#         124
  C:06CAH         LINE#         125
  C:06CAH         LINE#         126
  C:06CEH         LINE#         127
  C:06D1H         LINE#         128
  C:06D4H         LINE#         129
  -------         ENDPROC       _RGB_LIGHT
  -------         PROC          MAIN
  -------         DO            
  D:0050H         SYMBOL        key
  D:0051H         SYMBOL        num
  D:0004H         SYMBOL        led_sbit
  D:0053H         SYMBOL        lx
  -------         ENDDO         
  C:038AH         LINE#         131
  C:038AH         LINE#         132
  C:038AH         LINE#         137
  C:038DH         LINE#         138
  C:0390H         LINE#         141
  C:0395H         LINE#         142
  C:0399H         LINE#         143
  C:039DH         LINE#         144
  C:03A1H         LINE#         145
  C:03A6H         LINE#         146
  C:03A8H         LINE#         148
  C:03AEH         LINE#         149
  C:03B2H         LINE#         151
  C:03B5H         LINE#         152
  C:03B8H         LINE#         153
  C:03BBH         LINE#         155
  C:03CDH         LINE#         157
  C:03CFH         LINE#         158
  C:03D1H         LINE#         160
  C:03D1H         LINE#         161
  C:03D1H         LINE#         162
  C:03D8H         LINE#         163
  C:03DEH         LINE#         164
  C:03DEH         LINE#         165
  C:03E0H         LINE#         166
  C:03E5H         LINE#         167
  C:03E5H         LINE#         168
  C:03EBH         LINE#         169
  C:03EBH         LINE#         170
  C:03EDH         LINE#         171
  C:03F1H         LINE#         172
  C:03F1H         LINE#         173
  C:0401H         LINE#         174
  C:0411H         LINE#         175
  C:0421H         LINE#         176
  C:0425H         LINE#         177
  C:0428H         LINE#         178
  C:0436H         LINE#         179
  C:0438H         LINE#         180
BL51 BANKED LINKER/LOCATER V6.22.2.0                                                  07/28/2021  14:11:04  PAGE 7


  C:0443H         LINE#         181
  C:0446H         LINE#         182
  C:0452H         LINE#         183
  C:0452H         LINE#         184
  C:045BH         LINE#         185
  C:045FH         LINE#         186
  C:045FH         LINE#         187
  C:0464H         LINE#         188
  C:0464H         LINE#         189
  C:0474H         LINE#         190
  C:0484H         LINE#         191
  C:0494H         LINE#         192
  C:0498H         LINE#         193
  C:049BH         LINE#         194
  C:04A9H         LINE#         195
  C:04ABH         LINE#         196
  C:04B6H         LINE#         197
  C:04B9H         LINE#         198
  C:04C0H         LINE#         199
  C:04C0H         LINE#         200
  C:04C9H         LINE#         201
  C:04C9H         LINE#         202
  C:04CBH         LINE#         203
  C:04D6H         LINE#         204
  C:04D6H         LINE#         205
  C:04DDH         LINE#         206
  C:04E4H         LINE#         207
  C:04E7H         LINE#         208
  C:04E9H         LINE#         209
  C:04F7H         LINE#         210
  C:04FAH         LINE#         211
  C:04FAH         LINE#         212
  -------         ENDPROC       MAIN
  -------         ENDMOD        MAIN

  -------         MODULE        INIT
  C:0000H         SYMBOL        _ICE_DUMMY_
  D:0080H         PUBLIC        P0
  D:0090H         PUBLIC        P1
  D:00A0H         PUBLIC        P2
  D:00A8H         PUBLIC        IE
  D:00CBH         PUBLIC        T2CH
  D:00CAH         PUBLIC        T2CL
  D:00B8H         PUBLIC        IP
  D:00D8H         PUBLIC        EPIE
  C:06D5H         PUBLIC        Timer0_Init
  C:07CBH         PUBLIC        Timer1_Init
  D:00E8H         PUBLIC        EXIE
  C:0617H         PUBLIC        Timer2_Init
  D:0089H         PUBLIC        TMOD
  D:0088H         PUBLIC        TCON
  D:00F8H         PUBLIC        EXIP
  B:00A8H.1       PUBLIC        ET0
  B:00A8H.3       PUBLIC        ET1
  D:008CH         PUBLIC        TH0
  D:008DH         PUBLIC        TH1
  D:00CDH         PUBLIC        TH2
BL51 BANKED LINKER/LOCATER V6.22.2.0                                                  07/28/2021  14:11:04  PAGE 8


  D:008AH         PUBLIC        TL0
  D:008BH         PUBLIC        TL1
  D:00CCH         PUBLIC        TL2
  B:0088H.4       PUBLIC        TR0
  B:0088H.6       PUBLIC        TR1
  B:00A8H.5       PUBLIC        EINT2
  D:0098H         PUBLIC        S0CON
  D:00C0H         PUBLIC        ADCON
  D:00C9H         PUBLIC        T2MOD
  D:00C8H         PUBLIC        T2CON
  -------         PROC          TIMER0_INIT
  C:06D5H         LINE#         11
  C:06D5H         LINE#         12
  C:06D5H         LINE#         13
  C:06E6H         LINE#         14
  C:06E6H         LINE#         16
  C:06E9H         LINE#         17
  C:06ECH         LINE#         18
  C:06EFH         LINE#         19
  C:06F1H         LINE#         21
  C:06F4H         LINE#         22
  C:06F7H         LINE#         23
  C:06FAH         LINE#         25
  C:06FDH         LINE#         26
  C:0700H         LINE#         27
  C:0703H         LINE#         29
  C:0706H         LINE#         30
  C:0709H         LINE#         31
  C:070CH         LINE#         32
  C:070EH         LINE#         33
  C:0710H         LINE#         34
  C:0710H         LINE#         35
  C:0710H         LINE#         36
  C:0712H         LINE#         37
  C:0714H         LINE#         38
  -------         ENDPROC       TIMER0_INIT
  -------         PROC          TIMER1_INIT
  C:07CBH         LINE#         42
  C:07CBH         LINE#         43
  C:07CBH         LINE#         44
  C:07D9H         LINE#         45
  C:07D9H         LINE#         47
  C:07DCH         LINE#         48
  C:07DFH         LINE#         49
  C:07E2H         LINE#         50
  C:07E4H         LINE#         52
  C:07E7H         LINE#         53
  C:07EAH         LINE#         54
  C:07EDH         LINE#         55
  C:07EFH         LINE#         57
  C:07F2H         LINE#         58
  C:07F5H         LINE#         59
  C:07F8H         LINE#         60
  C:07F8H         LINE#         61
  C:07F8H         LINE#         62
  C:07F8H         LINE#         64
  C:07FAH         LINE#         65
BL51 BANKED LINKER/LOCATER V6.22.2.0                                                  07/28/2021  14:11:04  PAGE 9


  -------         ENDPROC       TIMER1_INIT
  -------         PROC          TIMER2_INIT
  C:0617H         LINE#         81
  C:0617H         LINE#         82
  C:0617H         LINE#         83
  C:0628H         LINE#         84
  C:0628H         LINE#         86
  C:062BH         LINE#         87
  C:062EH         LINE#         88
  C:0631H         LINE#         89
  C:0634H         LINE#         90
  C:0637H         LINE#         92
  C:063AH         LINE#         93
  C:063CH         LINE#         95
  C:063FH         LINE#         96
  C:0642H         LINE#         97
  C:0645H         LINE#         98
  C:0648H         LINE#         99
  C:064BH         LINE#         100
  C:064EH         LINE#         101
  C:0650H         LINE#         103
  C:0653H         LINE#         104
  C:0655H         LINE#         105
  C:0658H         LINE#         106
  C:065BH         LINE#         107
  C:065EH         LINE#         108
  C:0661H         LINE#         109
  C:0663H         LINE#         111
  C:0663H         LINE#         113
  C:0666H         LINE#         114
  C:0669H         LINE#         115
  C:066CH         LINE#         116
  C:066FH         LINE#         117
  C:0672H         LINE#         118
  C:0675H         LINE#         119
  C:0675H         LINE#         120
  C:0675H         LINE#         121
  C:0675H         LINE#         122
  C:0677H         LINE#         123
  -------         ENDPROC       TIMER2_INIT
  -------         ENDMOD        INIT

  -------         MODULE        PWM
  C:0000H         SYMBOL        _ICE_DUMMY_
  D:0080H         PUBLIC        P0
  D:0090H         PUBLIC        P1
  D:00A0H         PUBLIC        P2
  D:00A8H         PUBLIC        IE
  D:00B8H         PUBLIC        IP
  C:0753H         PUBLIC        PWM_LED_Init
  D:00D8H         PUBLIC        EPIE
  D:00E8H         PUBLIC        EXIE
  D:0088H         PUBLIC        TCON
  D:00F8H         PUBLIC        EXIP
  B:00A8H.5       PUBLIC        EINT2
  D:0098H         PUBLIC        S0CON
  D:00C0H         PUBLIC        ADCON
BL51 BANKED LINKER/LOCATER V6.22.2.0                                                  07/28/2021  14:11:04  PAGE 10


  D:00C8H         PUBLIC        T2CON
  -------         PROC          PWM_LED_INIT
  C:0753H         LINE#         5
  C:0753H         LINE#         6
  C:0753H         LINE#         8
  C:0759H         LINE#         10
  C:075EH         LINE#         11
  C:0762H         LINE#         12
  C:0764H         LINE#         13
  C:0766H         LINE#         53
  C:076CH         LINE#         56
  C:0770H         LINE#         59
  C:0776H         LINE#         60
  C:0779H         LINE#         61
  C:077FH         LINE#         62
  C:0782H         LINE#         77
  C:0788H         LINE#         79
  C:078EH         LINE#         81
  C:0790H         LINE#         82
  -------         ENDPROC       PWM_LED_INIT
  -------         ENDMOD        PWM

  -------         MODULE        INT
  C:0000H         SYMBOL        _ICE_DUMMY_
  C:0826H         PUBLIC        Uart0Mode1_Init
  D:0080H         PUBLIC        P0
  B:0098H.7       PUBLIC        SM00
  D:0090H         PUBLIC        P1
  B:0098H.6       PUBLIC        SM10
  D:00A0H         PUBLIC        P2
  D:00A8H         PUBLIC        IE
  D:00CBH         PUBLIC        T2CH
  B:0098H.4       PUBLIC        REN0
  D:00CAH         PUBLIC        T2CL
  D:00B8H         PUBLIC        IP
  D:00D8H         PUBLIC        EPIE
  D:00DAH         PUBLIC        EP0CON
  D:00E8H         PUBLIC        EXIE
  B:00C8H.5       PUBLIC        RCLK
  B:00C8H.4       PUBLIC        TCLK
  D:00FAH         PUBLIC        IT0CON
  D:00FBH         PUBLIC        IT1CON
  D:0088H         PUBLIC        TCON
  D:00F8H         PUBLIC        EXIP
  C:08A6H         PUBLIC        Int0SetMode0
  C:08ADH         PUBLIC        Int1SetMode0
  C:0016H         PUBLIC        Int2SetMode0
  B:00A8H.4       PUBLIC        ES0
  B:0098H.0       PUBLIC        RI0
  B:0098H.1       PUBLIC        TI0
  D:00CDH         PUBLIC        TH2
  D:00CCH         PUBLIC        TL2
  D:009AH         PUBLIC        S0CFG
  B:00C8H.2       PUBLIC        TR2
  D:0099H         PUBLIC        S0BUF
  D:0098H         PUBLIC        S0CON
  D:00C0H         PUBLIC        ADCON
BL51 BANKED LINKER/LOCATER V6.22.2.0                                                  07/28/2021  14:11:04  PAGE 11


  D:00C9H         PUBLIC        T2MOD
  D:00C8H         PUBLIC        T2CON
  C:089EH         PUBLIC        _UART0_write
  -------         PROC          UART0MODE1_INIT
  C:0826H         LINE#         10
  C:0826H         LINE#         11
  C:0826H         LINE#         12
  C:0828H         LINE#         13
  C:082AH         LINE#         14
  C:082DH         LINE#         15
  C:082FH         LINE#         16
  C:0831H         LINE#         17
  C:0833H         LINE#         20
  C:0835H         LINE#         21
  C:0837H         LINE#         22
  C:083AH         LINE#         23
  C:083DH         LINE#         24
  C:0840H         LINE#         25
  C:0843H         LINE#         26
  C:0845H         LINE#         27
  C:0847H         LINE#         28
  C:0849H         LINE#         29
  C:084BH         LINE#         30
  -------         ENDPROC       UART0MODE1_INIT
  -------         PROC          _UART0_WRITE
  D:0007H         SYMBOL        dat
  C:089EH         LINE#         37
  C:089EH         LINE#         38
  C:089EH         LINE#         39
  C:08A0H         LINE#         40
  C:08A3H         LINE#         41
  C:08A5H         LINE#         42
  -------         ENDPROC       _UART0_WRITE
  -------         PROC          INT0SETMODE0
  C:08A6H         LINE#         50
  C:08A6H         LINE#         51
  C:08A6H         LINE#         53
  C:08A9H         LINE#         57
  C:08ACH         LINE#         59
  -------         ENDPROC       INT0SETMODE0
  -------         PROC          INT1SETMODE0
  C:08ADH         LINE#         60
  C:08ADH         LINE#         61
  C:08ADH         LINE#         63
  C:08B0H         LINE#         67
  C:08B3H         LINE#         69
  -------         ENDPROC       INT1SETMODE0
  -------         PROC          INT2SETMODE0
  C:0016H         LINE#         76
  C:0016H         LINE#         77
  C:0016H         LINE#         79
  C:0019H         LINE#         83
  -------         ENDPROC       INT2SETMODE0
  -------         ENDMOD        INT

  -------         MODULE        PRINTF
  D:0054H         PUBLIC        ?_PRINTF517?BYTE
BL51 BANKED LINKER/LOCATER V6.22.2.0                                                  07/28/2021  14:11:04  PAGE 12


  D:0054H         PUBLIC        ?_PRINTF?BYTE
  D:0054H         PUBLIC        ?_SPRINTF517?BYTE
  D:0054H         PUBLIC        ?_SPRINTF?BYTE
  C:0090H         PUBLIC        _PRINTF
  C:0090H         PUBLIC        _PRINTF517
  C:008AH         PUBLIC        _SPRINTF
  C:008AH         PUBLIC        _SPRINTF517
  -------         ENDMOD        PRINTF

  -------         MODULE        ?C?CLDPTR
  C:04FDH         PUBLIC        ?C?CLDPTR
  -------         ENDMOD        ?C?CLDPTR

  -------         MODULE        ?C?CLDOPTR
  C:0516H         PUBLIC        ?C?CLDOPTR
  -------         ENDMOD        ?C?CLDOPTR

  -------         MODULE        ?C?CSTPTR
  C:0543H         PUBLIC        ?C?CSTPTR
  -------         ENDMOD        ?C?CSTPTR

  -------         MODULE        ?C?PLDIIDATA
  C:0555H         PUBLIC        ?C?PLDIIDATA
  -------         ENDMOD        ?C?PLDIIDATA

  -------         MODULE        ?C?CCASE
  C:0565H         PUBLIC        ?C?CCASE
  -------         ENDMOD        ?C?CCASE

*** WARNING L16: UNCALLED SEGMENT, IGNORED FOR OVERLAY PROCESS
    SEGMENT: ?PR?DELAY_1MS?MAIN

*** WARNING L16: UNCALLED SEGMENT, IGNORED FOR OVERLAY PROCESS
    SEGMENT: ?PR?TIMER0_INIT?INIT

*** WARNING L16: UNCALLED SEGMENT, IGNORED FOR OVERLAY PROCESS
    SEGMENT: ?PR?TIMER2_INIT?INIT

*** WARNING L16: UNCALLED SEGMENT, IGNORED FOR OVERLAY PROCESS
    SEGMENT: ?PR?INT0SETMODE0?INT

*** WARNING L16: UNCALLED SEGMENT, IGNORED FOR OVERLAY PROCESS
    SEGMENT: ?PR?INT1SETMODE0?INT

*** WARNING L16: UNCALLED SEGMENT, IGNORED FOR OVERLAY PROCESS
    SEGMENT: ?PR?INT2SETMODE0?INT

Program Size: data=81.1 xdata=36 code=2217
LINK/LOCATE RUN COMPLETE.  6 WARNING(S),  0 ERROR(S)
